C51 COMPILER V9.54   CAT_FONT                                                              03/31/2026 17:10:42 PAGE 1   


C51 COMPILER V9.54, COMPILATION OF MODULE CAT_FONT
OBJECT MODULE PLACED IN .\Objects\cat_font.obj
COMPILER INVOKED BY: D:\keil\C51\BIN\C51.EXE cat_font.c OPTIMIZE(8,SPEED) BROWSE DEBUG OBJECTEXTEND PRINT(.\Listings\cat
                    -_font.lst) TABS(2) OBJECT(.\Objects\cat_font.obj)

line level    source

   1          #include "cat_font.h"
   2          
   3          
   4          unsigned char cat_ear_l[8] = {
   5              0x10, 0x18, 0x1C, 0x1E, 0x1F, 0x00, 0x00, 0x00
   6          };
   7          
   8          
   9          unsigned char cat_top[8] = {
  10              0x00, 0x00, 0x00, 0x1F, 0x1F, 0x00, 0x00, 0x00
  11          };
  12          
  13          
  14          unsigned char cat_ear_r[8] = {
  15              0x01, 0x03, 0x07, 0x0F, 0x1F, 0x00, 0x00, 0x00
  16          };
  17          
  18          
  19          unsigned char cat_eye_open_l[8] = {
  20              0x00, 0x0E, 0x1B, 0x1B, 0x0E, 0x00, 0x00, 0x00
  21          };
  22          
  23          
  24          unsigned char cat_nose[8] = {
  25              0x00, 0x04, 0x0E, 0x0A, 0x11, 0x00, 0x00, 0x00
  26          };
  27          
  28          
  29          unsigned char cat_eye_open_r[8] = {
  30              0x00, 0x0E, 0x1B, 0x1B, 0x0E, 0x00, 0x00, 0x00
  31          };
  32          
  33          
  34          unsigned char cat_eye_close_l[8] = {
  35              0x00, 0x00, 0x1F, 0x00, 0x00, 0x00, 0x00, 0x00
  36          };
  37          
  38          
  39          unsigned char cat_eye_close_r[8] = {
  40              0x00, 0x00, 0x1F, 0x00, 0x00, 0x00, 0x00, 0x00
  41          };


MODULE INFORMATION:   STATIC OVERLAYABLE
   CODE SIZE        =   ----    ----
   CONSTANT SIZE    =   ----    ----
   XDATA SIZE       =   ----    ----
   PDATA SIZE       =   ----    ----
   DATA SIZE        =     64    ----
   IDATA SIZE       =   ----    ----
   BIT SIZE         =   ----    ----
END OF MODULE INFORMATION.


C51 COMPILATION COMPLETE.  0 WARNING(S),  0 ERROR(S)
